127.0.0.1 - - [06/Mar/2022:11:25:06 -0300] "GET / HTTP/1.1" 404 751
0:0:0:0:0:0:0:1 - - [06/Mar/2022:11:25:32 -0300] "GET /gerenciador-tarefas/index HTTP/1.1" 404 780
0:0:0:0:0:0:0:1 - - [06/Mar/2022:11:25:33 -0300] "GET /favicon.ico HTTP/1.1" 404 762
0:0:0:0:0:0:0:1 - - [06/Mar/2022:11:25:38 -0300] "GET /gerenciador-tarefas/index.jsp HTTP/1.1" 200 135
0:0:0:0:0:0:0:1 - - [06/Mar/2022:11:25:48 -0300] "GET /gerenciador-tarefas/index.jsp HTTP/1.1" 200 141
0:0:0:0:0:0:0:1 - - [06/Mar/2022:11:26:43 -0300] "GET /gerenciador-tarefas/index.jsp HTTP/1.1" 200 139
127.0.0.1 - - [06/Mar/2022:11:26:44 -0300] "GET / HTTP/1.1" 404 751
0:0:0:0:0:0:0:1 - - [06/Mar/2022:11:26:46 -0300] "GET /gerenciador-tarefas/index.jsp HTTP/1.1" 200 139
0:0:0:0:0:0:0:1 - - [06/Mar/2022:11:36:51 -0300] "GET /gerenciador-tarefas/index.jsp HTTP/1.1" 200 39
0:0:0:0:0:0:0:1 - - [06/Mar/2022:11:36:52 -0300] "GET /gerenciador-tarefas/index.jsp HTTP/1.1" 200 39
0:0:0:0:0:0:0:1 - - [06/Mar/2022:11:36:52 -0300] "GET /gerenciador-tarefas/index.jsp HTTP/1.1" 200 39
127.0.0.1 - - [06/Mar/2022:11:40:36 -0300] "GET / HTTP/1.1" 404 751
0:0:0:0:0:0:0:1 - - [06/Mar/2022:11:40:43 -0300] "GET /gerenciador-tarefas/index.jsp HTTP/1.1" 200 280
0:0:0:0:0:0:0:1 - - [06/Mar/2022:11:43:17 -0300] "GET /gerenciador-tarefas/index.jsp HTTP/1.1" 200 307
0:0:0:0:0:0:0:1 - - [06/Mar/2022:11:43:17 -0300] "GET /gerenciador-tarefas/index.jsp HTTP/1.1" 200 307
0:0:0:0:0:0:0:1 - - [06/Mar/2022:11:43:17 -0300] "GET /gerenciador-tarefas/index.jsp HTTP/1.1" 200 307
0:0:0:0:0:0:0:1 - - [06/Mar/2022:11:43:20 -0300] "GET /gerenciador-tarefas/index.jsp HTTP/1.1" 200 307
127.0.0.1 - - [06/Mar/2022:11:50:07 -0300] "GET / HTTP/1.1" 404 751
0:0:0:0:0:0:0:1 - - [06/Mar/2022:11:50:12 -0300] "GET /gerenciador-tarefas/index.jsp HTTP/1.1" 200 253
127.0.0.1 - - [06/Mar/2022:12:09:03 -0300] "GET / HTTP/1.1" 404 751
0:0:0:0:0:0:0:1 - - [06/Mar/2022:12:09:10 -0300] "GET /gerenciador-tarefas/index.jsp HTTP/1.1" 200 253
0:0:0:0:0:0:0:1 - - [06/Mar/2022:12:09:11 -0300] "GET /gerenciador-tarefas/index.jsp HTTP/1.1" 200 253
0:0:0:0:0:0:0:1 - - [06/Mar/2022:12:09:11 -0300] "GET /gerenciador-tarefas/index.jsp HTTP/1.1" 200 253
0:0:0:0:0:0:0:1 - - [06/Mar/2022:12:09:11 -0300] "GET /gerenciador-tarefas/index.jsp HTTP/1.1" 200 253
127.0.0.1 - - [06/Mar/2022:12:27:47 -0300] "GET / HTTP/1.1" 404 751
127.0.0.1 - - [06/Mar/2022:12:42:54 -0300] "GET / HTTP/1.1" 404 751
127.0.0.1 - - [06/Mar/2022:13:01:49 -0300] "GET / HTTP/1.1" 404 751
127.0.0.1 - - [06/Mar/2022:13:02:27 -0300] "GET / HTTP/1.1" 404 751
0:0:0:0:0:0:0:1 - - [06/Mar/2022:13:02:33 -0300] "GET /gerenciador-tarefas/index.jsp HTTP/1.1" 404 763
0:0:0:0:0:0:0:1 - - [06/Mar/2022:13:02:35 -0300] "GET /gerenciador-tarefas/index.jsp HTTP/1.1" 404 763
0:0:0:0:0:0:0:1 - - [06/Mar/2022:13:02:35 -0300] "GET /gerenciador-tarefas/index.jsp HTTP/1.1" 404 763
0:0:0:0:0:0:0:1 - - [06/Mar/2022:13:02:36 -0300] "GET /gerenciador-tarefas/index.jsp HTTP/1.1" 404 763
0:0:0:0:0:0:0:1 - - [06/Mar/2022:13:02:36 -0300] "GET /gerenciador-tarefas/index.jsp HTTP/1.1" 404 763
0:0:0:0:0:0:0:1 - - [06/Mar/2022:13:02:36 -0300] "GET /gerenciador-tarefas/index.jsp HTTP/1.1" 404 763
0:0:0:0:0:0:0:1 - - [06/Mar/2022:13:02:36 -0300] "GET /gerenciador-tarefas/index.jsp HTTP/1.1" 404 763
0:0:0:0:0:0:0:1 - - [06/Mar/2022:13:02:36 -0300] "GET /gerenciador-tarefas/index.jsp HTTP/1.1" 404 763
0:0:0:0:0:0:0:1 - - [06/Mar/2022:13:02:36 -0300] "GET /gerenciador-tarefas/index.jsp HTTP/1.1" 404 763
0:0:0:0:0:0:0:1 - - [06/Mar/2022:13:02:37 -0300] "GET /gerenciador-tarefas/index.jsp HTTP/1.1" 404 763
0:0:0:0:0:0:0:1 - - [06/Mar/2022:13:02:37 -0300] "GET /gerenciador-tarefas/index.jsp HTTP/1.1" 404 763
0:0:0:0:0:0:0:1 - - [06/Mar/2022:13:02:49 -0300] "GET /gerenciadorTarefasESIG/index.jsp HTTP/1.1" 200 133
0:0:0:0:0:0:0:1 - - [06/Mar/2022:13:02:59 -0300] "GET /gerenciadorTarefasESIG/index.jsp HTTP/1.1" 200 139
127.0.0.1 - - [06/Mar/2022:13:14:47 -0300] "GET / HTTP/1.1" 404 751
0:0:0:0:0:0:0:1 - - [06/Mar/2022:13:14:58 -0300] "GET /gerenciadorTarefasESIG/NewFile HTTP/1.1" 404 785
0:0:0:0:0:0:0:1 - - [06/Mar/2022:13:15:03 -0300] "GET /gerenciadorTarefasESIG/NewFile.xhtml HTTP/1.1" 404 791
127.0.0.1 - - [06/Mar/2022:13:15:24 -0300] "GET / HTTP/1.1" 404 751
0:0:0:0:0:0:0:1 - - [06/Mar/2022:13:15:28 -0300] "GET /gerenciadorTarefasESIG/NewFile.xhtml HTTP/1.1" 200 547
0:0:0:0:0:0:0:1 - - [06/Mar/2022:13:15:30 -0300] "GET /gerenciadorTarefasESIG/NewFile.xhtml HTTP/1.1" 304 -
127.0.0.1 - - [06/Mar/2022:13:24:59 -0300] "GET / HTTP/1.1" 404 751
0:0:0:0:0:0:0:1 - - [06/Mar/2022:13:25:04 -0300] "GET /gerenciadorTarefasESIG/index.xhtml HTTP/1.1" 404 789
0:0:0:0:0:0:0:1 - - [06/Mar/2022:13:25:12 -0300] "GET /gerenciadorTarefasESIG/index1.jsp HTTP/1.1" 200 293
127.0.0.1 - - [06/Mar/2022:13:28:07 -0300] "GET / HTTP/1.1" 404 751
0:0:0:0:0:0:0:1 - - [06/Mar/2022:13:28:21 -0300] "GET /gerenciadorTarefasESIG/index.xhtml HTTP/1.1" 404 789
0:0:0:0:0:0:0:1 - - [06/Mar/2022:13:28:26 -0300] "GET /gerenciadorTarefasESIG/index HTTP/1.1" 404 783
0:0:0:0:0:0:0:1 - - [06/Mar/2022:13:28:32 -0300] "GET /gerenciadorTarefasESIG/index HTTP/1.1" 404 783
127.0.0.1 - - [06/Mar/2022:13:47:35 -0300] "GET / HTTP/1.1" 404 751
0:0:0:0:0:0:0:1 - - [06/Mar/2022:13:47:48 -0300] "GET /gerenciadorTarefasESIG/index.html HTTP/1.1" 404 788
0:0:0:0:0:0:0:1 - - [06/Mar/2022:13:48:22 -0300] "GET /gerenciadorTarefasESIG/index.html HTTP/1.1" 404 788
0:0:0:0:0:0:0:1 - - [06/Mar/2022:13:48:28 -0300] "GET /gerenciadorTarefasESIG/index.xhtml HTTP/1.1" 404 789
0:0:0:0:0:0:0:1 - - [06/Mar/2022:13:49:38 -0300] "GET /gerenciadorTarefasESIG/index1.jsp HTTP/1.1" 200 333
0:0:0:0:0:0:0:1 - - [06/Mar/2022:13:49:58 -0300] "GET /gerenciadorTarefasESIG/index1.jsp HTTP/1.1" 200 338
127.0.0.1 - - [06/Mar/2022:13:51:16 -0300] "GET / HTTP/1.1" 404 751
0:0:0:0:0:0:0:1 - - [06/Mar/2022:13:51:21 -0300] "GET /gerenciadorTarefasESIG/index1.jsp HTTP/1.1" 200 338
0:0:0:0:0:0:0:1 - - [06/Mar/2022:13:51:26 -0300] "GET /gerenciadorTarefasESIG/index.xhtml HTTP/1.1" 404 789
0:0:0:0:0:0:0:1 - - [06/Mar/2022:15:41:49 -0300] "GET /gerenciadorTarefasESIG/faces/index.xhtml HTTP/1.1" 404 763
127.0.0.1 - - [06/Mar/2022:15:49:26 -0300] "GET / HTTP/1.1" 404 751
0:0:0:0:0:0:0:1 - - [06/Mar/2022:15:49:30 -0300] "GET /gerenciadorTarefasESIG/faces/index.xhtml HTTP/1.1" 404 763
0:0:0:0:0:0:0:1 - - [06/Mar/2022:15:49:31 -0300] "GET /gerenciadorTarefasESIG/faces/index.xhtml HTTP/1.1" 404 763
0:0:0:0:0:0:0:1 - - [06/Mar/2022:15:49:31 -0300] "GET /gerenciadorTarefasESIG/faces/index.xhtml HTTP/1.1" 404 763
0:0:0:0:0:0:0:1 - - [06/Mar/2022:15:49:32 -0300] "GET /gerenciadorTarefasESIG/faces/index.xhtml HTTP/1.1" 404 763
0:0:0:0:0:0:0:1 - - [06/Mar/2022:15:49:32 -0300] "GET /gerenciadorTarefasESIG/faces/index.xhtml HTTP/1.1" 404 763
0:0:0:0:0:0:0:1 - - [06/Mar/2022:15:49:32 -0300] "GET /gerenciadorTarefasESIG/faces/index.xhtml HTTP/1.1" 404 763
0:0:0:0:0:0:0:1 - - [06/Mar/2022:15:49:35 -0300] "GET /gerenciadorTarefasESIG/index.xhtml HTTP/1.1" 404 789
0:0:0:0:0:0:0:1 - - [06/Mar/2022:15:51:32 -0300] "GET /gerenciadorTarefasESIG/index1.jsp HTTP/1.1" 200 335
127.0.0.1 - - [06/Mar/2022:15:53:18 -0300] "GET / HTTP/1.1" 404 751
0:0:0:0:0:0:0:1 - - [06/Mar/2022:15:54:26 -0300] "GET /gerenciadorTarefasESIG/index1.jsp HTTP/1.1" 200 343
0:0:0:0:0:0:0:1 - - [06/Mar/2022:15:54:27 -0300] "GET /gerenciadorTarefasESIG/index1.jsp HTTP/1.1" 200 343
0:0:0:0:0:0:0:1 - - [06/Mar/2022:15:54:27 -0300] "GET /gerenciadorTarefasESIG/index1.jsp HTTP/1.1" 200 343
0:0:0:0:0:0:0:1 - - [06/Mar/2022:15:54:33 -0300] "GET /gerenciadorTarefasESIG/index.xhtml HTTP/1.1" 404 789
0:0:0:0:0:0:0:1 - - [06/Mar/2022:15:54:39 -0300] "GET /gerenciadorTarefasESIG/faces/index.xhtml HTTP/1.1" 404 763
192.168.100.3 - - [06/Mar/2022:16:04:00 -0300] "GET / HTTP/1.1" 404 751
192.168.100.3 - - [06/Mar/2022:16:04:12 -0300] "GET /HNAP1/ HTTP/1.1" 404 761
192.168.100.3 - - [06/Mar/2022:16:04:13 -0300] "POST /cgi-bin/mainfunction.cgi HTTP/1.1" 404 779
127.0.0.1 - - [06/Mar/2022:16:58:31 -0300] "GET / HTTP/1.1" 404 751
0:0:0:0:0:0:0:1 - - [06/Mar/2022:16:58:42 -0300] "GET /gerenciador/faces/index.xhtml HTTP/1.1" 404 763
0:0:0:0:0:0:0:1 - - [06/Mar/2022:16:58:51 -0300] "GET /gerenciador/faces/cadastro.xhtml HTTP/1.1" 200 693
127.0.0.1 - - [06/Mar/2022:17:08:19 -0300] "GET / HTTP/1.1" 404 751
0:0:0:0:0:0:0:1 - - [06/Mar/2022:17:08:25 -0300] "GET /gerenciador/faces/cadastro.xhtml HTTP/1.1" 404 776
0:0:0:0:0:0:0:1 - - [06/Mar/2022:17:08:27 -0300] "GET /gerenciador/cadastro.xhtml HTTP/1.1" 200 645
0:0:0:0:0:0:0:1 - - [06/Mar/2022:17:29:27 -0300] "GET /gerenciador/cadastro.xhtml HTTP/1.1" 200 705
0:0:0:0:0:0:0:1 - - [06/Mar/2022:17:29:31 -0300] "POST /gerenciador/cadastro.xhtml HTTP/1.1" 500 4043
127.0.0.1 - - [06/Mar/2022:17:30:02 -0300] "GET / HTTP/1.1" 404 751
0:0:0:0:0:0:0:1 - - [06/Mar/2022:17:30:05 -0300] "GET /gerenciador/cadastro.xhtml HTTP/1.1" 200 706
0:0:0:0:0:0:0:1 - - [06/Mar/2022:17:30:09 -0300] "POST /gerenciador/cadastro.xhtml HTTP/1.1" 500 3972
127.0.0.1 - - [06/Mar/2022:17:30:45 -0300] "GET / HTTP/1.1" 404 751
0:0:0:0:0:0:0:1 - - [06/Mar/2022:17:30:47 -0300] "GET /gerenciador/cadastro.xhtml HTTP/1.1" 200 705
0:0:0:0:0:0:0:1 - - [06/Mar/2022:17:30:50 -0300] "POST /gerenciador/cadastro.xhtml HTTP/1.1" 500 3972
127.0.0.1 - - [06/Mar/2022:17:34:22 -0300] "GET / HTTP/1.1" 404 751
0:0:0:0:0:0:0:1 - - [06/Mar/2022:17:34:35 -0300] "POST /gerenciador/cadastro.xhtml HTTP/1.1" 500 1772
0:0:0:0:0:0:0:1 - - [06/Mar/2022:17:34:39 -0300] "GET /gerenciador/cadastro.xhtml HTTP/1.1" 200 707
0:0:0:0:0:0:0:1 - - [06/Mar/2022:17:34:43 -0300] "POST /gerenciador/cadastro.xhtml HTTP/1.1" 200 719
0:0:0:0:0:0:0:1 - - [06/Mar/2022:17:35:11 -0300] "GET /gerenciador/cadastro.xhtml HTTP/1.1" 200 706
0:0:0:0:0:0:0:1 - - [06/Mar/2022:17:35:15 -0300] "POST /gerenciador/cadastro.xhtml HTTP/1.1" 200 718
0:0:0:0:0:0:0:1 - - [06/Mar/2022:17:35:36 -0300] "GET /gerenciador/cadastro.xhtml HTTP/1.1" 200 707
0:0:0:0:0:0:0:1 - - [06/Mar/2022:17:35:39 -0300] "POST /gerenciador/cadastro.xhtml HTTP/1.1" 200 719
127.0.0.1 - - [06/Mar/2022:17:54:22 -0300] "GET / HTTP/1.1" 404 751
0:0:0:0:0:0:0:1 - - [06/Mar/2022:17:54:26 -0300] "GET /gerenciador/cadastro.xhtml HTTP/1.1" 200 705
0:0:0:0:0:0:0:1 - - [06/Mar/2022:17:54:28 -0300] "POST /gerenciador/cadastro.xhtml HTTP/1.1" 200 716
0:0:0:0:0:0:0:1 - - [06/Mar/2022:17:54:37 -0300] "POST /gerenciador/cadastro.xhtml HTTP/1.1" 200 729
0:0:0:0:0:0:0:1 - - [06/Mar/2022:17:55:26 -0300] "POST /gerenciador/cadastro.xhtml HTTP/1.1" 200 728
0:0:0:0:0:0:0:1 - - [06/Mar/2022:17:55:30 -0300] "GET /gerenciador/cadastro.xhtml HTTP/1.1" 200 707
0:0:0:0:0:0:0:1 - - [06/Mar/2022:17:55:32 -0300] "POST /gerenciador/cadastro.xhtml HTTP/1.1" 200 716
127.0.0.1 - - [06/Mar/2022:17:55:42 -0300] "GET / HTTP/1.1" 404 751
0:0:0:0:0:0:0:1 - - [06/Mar/2022:17:55:46 -0300] "POST /gerenciador/cadastro.xhtml HTTP/1.1" 500 1772
0:0:0:0:0:0:0:1 - - [06/Mar/2022:17:55:49 -0300] "GET /gerenciador/cadastro.xhtml HTTP/1.1" 200 705
0:0:0:0:0:0:0:1 - - [06/Mar/2022:17:55:52 -0300] "POST /gerenciador/cadastro.xhtml HTTP/1.1" 200 717
127.0.0.1 - - [06/Mar/2022:17:56:45 -0300] "GET / HTTP/1.1" 404 751
0:0:0:0:0:0:0:1 - - [06/Mar/2022:17:56:50 -0300] "GET /gerenciador/cadastro.xhtml HTTP/1.1" 200 705
0:0:0:0:0:0:0:1 - - [06/Mar/2022:17:56:54 -0300] "POST /gerenciador/cadastro.xhtml HTTP/1.1" 200 719
127.0.0.1 - - [06/Mar/2022:17:57:09 -0300] "GET / HTTP/1.1" 404 751
0:0:0:0:0:0:0:1 - - [06/Mar/2022:17:57:14 -0300] "GET /gerenciador/cadastro.xhtml HTTP/1.1" 200 704
0:0:0:0:0:0:0:1 - - [06/Mar/2022:17:58:10 -0300] "POST /gerenciador/cadastro.xhtml HTTP/1.1" 200 716
0:0:0:0:0:0:0:1 - - [06/Mar/2022:17:58:17 -0300] "GET /gerenciador/cadastro.xhtml HTTP/1.1" 200 705
0:0:0:0:0:0:0:1 - - [06/Mar/2022:17:58:42 -0300] "POST /gerenciador/cadastro.xhtml HTTP/1.1" 200 718
127.0.0.1 - - [06/Mar/2022:18:04:40 -0300] "GET / HTTP/1.1" 404 751
0:0:0:0:0:0:0:1 - - [06/Mar/2022:18:04:51 -0300] "GET /gerenciador/ HTTP/1.1" 500 1883
127.0.0.1 - - [06/Mar/2022:18:05:52 -0300] "GET / HTTP/1.1" 404 751
0:0:0:0:0:0:0:1 - - [06/Mar/2022:18:05:55 -0300] "GET /gerenciador/ HTTP/1.1" 200 259
0:0:0:0:0:0:0:1 - - [06/Mar/2022:18:05:58 -0300] "GET /gerenciador/ HTTP/1.1" 200 259
0:0:0:0:0:0:0:1 - - [06/Mar/2022:18:06:02 -0300] "GET /gerenciador/cadastro.xhtml HTTP/1.1" 200 704
0:0:0:0:0:0:0:1 - - [06/Mar/2022:18:06:06 -0300] "GET /gerenciador/ HTTP/1.1" 200 259
0:0:0:0:0:0:0:1 - - [06/Mar/2022:18:20:34 -0300] "GET /gerenciador/ HTTP/1.1" 200 839
0:0:0:0:0:0:0:1 - - [06/Mar/2022:18:20:34 -0300] "GET /gerenciador/javax.faces.resource/jsf.js.xhtml?ln=javax.faces HTTP/1.1" 200 42070
0:0:0:0:0:0:0:1 - - [06/Mar/2022:18:20:36 -0300] "POST /gerenciador/index.xhtml HTTP/1.1" 200 707
0:0:0:0:0:0:0:1 - - [06/Mar/2022:18:20:40 -0300] "POST /gerenciador/index.xhtml HTTP/1.1" 200 706
127.0.0.1 - - [06/Mar/2022:18:49:46 -0300] "GET / HTTP/1.1" 404 751
0:0:0:0:0:0:0:1 - - [06/Mar/2022:18:49:51 -0300] "GET /gerenciador/index.xhtml HTTP/1.1" 200 838
0:0:0:0:0:0:0:1 - - [06/Mar/2022:18:49:54 -0300] "POST /gerenciador/index.xhtml HTTP/1.1" 200 707
127.0.0.1 - - [06/Mar/2022:19:00:56 -0300] "GET / HTTP/1.1" 404 751
127.0.0.1 - - [06/Mar/2022:20:41:02 -0300] "GET / HTTP/1.1" 404 751
0:0:0:0:0:0:0:1 - - [06/Mar/2022:20:42:46 -0300] "GET /gerenciador/index.xhtml HTTP/1.1" 200 836
0:0:0:0:0:0:0:1 - - [06/Mar/2022:20:42:47 -0300] "POST /gerenciador/index.xhtml HTTP/1.1" 200 704
0:0:0:0:0:0:0:1 - - [06/Mar/2022:20:42:51 -0300] "POST /gerenciador/cadastro.xhtml HTTP/1.1" 500 3443
0:0:0:0:0:0:0:1 - - [06/Mar/2022:20:43:47 -0300] "GET /gerenciador/cadastro.xhtml HTTP/1.1" 200 707
0:0:0:0:0:0:0:1 - - [06/Mar/2022:20:43:53 -0300] "POST /gerenciador/cadastro.xhtml HTTP/1.1" 500 13871
0:0:0:0:0:0:0:1 - - [06/Mar/2022:20:45:11 -0300] "GET /gerenciador/cadastro.xhtml HTTP/1.1" 200 704
0:0:0:0:0:0:0:1 - - [06/Mar/2022:20:45:14 -0300] "POST /gerenciador/cadastro.xhtml HTTP/1.1" 500 13896
127.0.0.1 - - [06/Mar/2022:20:46:16 -0300] "GET / HTTP/1.1" 404 751
0:0:0:0:0:0:0:1 - - [06/Mar/2022:20:46:26 -0300] "GET /gerenciador/cadastro.xhtml HTTP/1.1" 200 706
0:0:0:0:0:0:0:1 - - [06/Mar/2022:20:47:01 -0300] "POST /gerenciador/cadastro.xhtml HTTP/1.1" 500 13896
127.0.0.1 - - [06/Mar/2022:20:47:59 -0300] "GET / HTTP/1.1" 404 751
0:0:0:0:0:0:0:1 - - [06/Mar/2022:20:48:02 -0300] "GET /gerenciador/cadastro.xhtml HTTP/1.1" 200 702
0:0:0:0:0:0:0:1 - - [06/Mar/2022:20:48:35 -0300] "POST /gerenciador/cadastro.xhtml HTTP/1.1" 200 715
0:0:0:0:0:0:0:1 - - [06/Mar/2022:20:49:43 -0300] "POST /gerenciador/cadastro.xhtml HTTP/1.1" 500 3751
0:0:0:0:0:0:0:1 - - [06/Mar/2022:20:49:45 -0300] "GET /gerenciador/cadastro.xhtml HTTP/1.1" 500 3551
0:0:0:0:0:0:0:1 - - [06/Mar/2022:20:50:05 -0300] "GET /gerenciador/cadastro.xhtml HTTP/1.1" 200 735
0:0:0:0:0:0:0:1 - - [06/Mar/2022:20:53:16 -0300] "GET /gerenciador/cadastro.xhtml HTTP/1.1" 200 822
0:0:0:0:0:0:0:1 - - [06/Mar/2022:20:54:45 -0300] "GET /gerenciador/cadastro.xhtml HTTP/1.1" 200 894
0:0:0:0:0:0:0:1 - - [06/Mar/2022:20:55:26 -0300] "GET /gerenciador/cadastro.xhtml HTTP/1.1" 200 914
0:0:0:0:0:0:0:1 - - [06/Mar/2022:20:57:15 -0300] "GET /gerenciador/cadastro.xhtml HTTP/1.1" 200 913
0:0:0:0:0:0:0:1 - - [06/Mar/2022:20:57:21 -0300] "GET /gerenciador/cadastro.xhtml HTTP/1.1" 200 913
127.0.0.1 - - [06/Mar/2022:21:08:01 -0300] "GET / HTTP/1.1" 404 751
0:0:0:0:0:0:0:1 - - [06/Mar/2022:21:08:12 -0300] "GET /gerenciador/cadastro.xhtml HTTP/1.1" 200 913
0:0:0:0:0:0:0:1 - - [06/Mar/2022:21:08:19 -0300] "POST /gerenciador/cadastro.xhtml HTTP/1.1" 200 936
127.0.0.1 - - [06/Mar/2022:21:21:58 -0300] "GET / HTTP/1.1" 404 751
0:0:0:0:0:0:0:1 - - [06/Mar/2022:21:22:15 -0300] "GET /gerenciador/cadastro.xhtml HTTP/1.1" 200 914
0:0:0:0:0:0:0:1 - - [06/Mar/2022:21:22:25 -0300] "POST /gerenciador/cadastro.xhtml HTTP/1.1" 200 924
127.0.0.1 - - [06/Mar/2022:21:56:03 -0300] "GET / HTTP/1.1" 404 751
0:0:0:0:0:0:0:1 - - [06/Mar/2022:21:56:33 -0300] "GET /gerenciador/cadastro.xhtml HTTP/1.1" 200 973
0:0:0:0:0:0:0:1 - - [06/Mar/2022:21:56:35 -0300] "POST /gerenciador/cadastro.xhtml HTTP/1.1" 200 983
127.0.0.1 - - [06/Mar/2022:21:56:58 -0300] "GET / HTTP/1.1" 404 751
0:0:0:0:0:0:0:1 - - [06/Mar/2022:21:57:04 -0300] "GET /gerenciador/cadastro.xhtml HTTP/1.1" 200 975
0:0:0:0:0:0:0:1 - - [06/Mar/2022:21:58:23 -0300] "POST /gerenciador/cadastro.xhtml HTTP/1.1" 200 984
127.0.0.1 - - [06/Mar/2022:22:10:36 -0300] "GET / HTTP/1.1" 404 751
0:0:0:0:0:0:0:1 - - [06/Mar/2022:22:10:42 -0300] "POST /gerenciador/cadastro.xhtml HTTP/1.1" 500 1772
0:0:0:0:0:0:0:1 - - [06/Mar/2022:22:10:47 -0300] "GET /gerenciador/cadastro.xhtml HTTP/1.1" 500 2472
127.0.0.1 - - [06/Mar/2022:22:14:48 -0300] "GET / HTTP/1.1" 404 751
0:0:0:0:0:0:0:1 - - [06/Mar/2022:22:14:54 -0300] "GET /gerenciador/cadastro.xhtml HTTP/1.1" 500 2472
127.0.0.1 - - [06/Mar/2022:22:17:14 -0300] "GET / HTTP/1.1" 404 751
0:0:0:0:0:0:0:1 - - [06/Mar/2022:22:17:19 -0300] "GET /gerenciador/cadastro.xhtml HTTP/1.1" 500 2726
127.0.0.1 - - [06/Mar/2022:22:19:17 -0300] "GET / HTTP/1.1" 404 751
0:0:0:0:0:0:0:1 - - [06/Mar/2022:22:19:53 -0300] "GET /gerenciador/cadastro.xhtml HTTP/1.1" 500 2735
0:0:0:0:0:0:0:1 - - [06/Mar/2022:22:22:24 -0300] "GET /gerenciador/cadastro.xhtml HTTP/1.1" 500 2735
127.0.0.1 - - [06/Mar/2022:22:31:51 -0300] "GET / HTTP/1.1" 404 751
0:0:0:0:0:0:0:1 - - [06/Mar/2022:22:32:00 -0300] "GET /gerenciador/cadastro.xhtml HTTP/1.1" 500 2735
127.0.0.1 - - [06/Mar/2022:22:40:24 -0300] "GET / HTTP/1.1" 404 751
0:0:0:0:0:0:0:1 - - [06/Mar/2022:22:40:38 -0300] "GET /gerenciador/cadastro.xhtml HTTP/1.1" 200 1384
127.0.0.1 - - [06/Mar/2022:22:48:45 -0300] "GET / HTTP/1.1" 404 751
0:0:0:0:0:0:0:1 - - [06/Mar/2022:22:49:05 -0300] "GET /gerenciador/cadastro.xhtml HTTP/1.1" 200 1363
0:0:0:0:0:0:0:1 - - [06/Mar/2022:22:50:55 -0300] "GET /gerenciador/cadastro.xhtml HTTP/1.1" 500 2472
127.0.0.1 - - [06/Mar/2022:23:35:34 -0300] "GET / HTTP/1.1" 404 751
0:0:0:0:0:0:0:1 - - [06/Mar/2022:23:35:42 -0300] "GET /gerenciador/cadastro.xhtml HTTP/1.1" 500 12900
127.0.0.1 - - [06/Mar/2022:23:38:45 -0300] "GET / HTTP/1.1" 404 751
0:0:0:0:0:0:0:1 - - [06/Mar/2022:23:38:51 -0300] "GET /gerenciador/cadastro.xhtml HTTP/1.1" 200 1614
127.0.0.1 - - [06/Mar/2022:23:39:41 -0300] "GET / HTTP/1.1" 404 751
0:0:0:0:0:0:0:1 - - [06/Mar/2022:23:40:15 -0300] "GET /gerenciador/cadastro.xhtml HTTP/1.1" 200 1615
0:0:0:0:0:0:0:1 - - [06/Mar/2022:23:40:31 -0300] "POST /gerenciador/cadastro.xhtml HTTP/1.1" 500 4388
127.0.0.1 - - [06/Mar/2022:23:47:24 -0300] "GET / HTTP/1.1" 404 751
0:0:0:0:0:0:0:1 - - [06/Mar/2022:23:47:40 -0300] "GET /gerenciador/cadastro.xhtml HTTP/1.1" 200 1343
